2026-03-23 13:23:46 | INFO | CI | === RUN START ===
2026-03-23 13:23:46 | INFO | CI | project=MODULE 3: CORPUS EXPLORATION
2026-03-23 13:23:46 | INFO | CI | repo_dir=nlp-03-text-exploration
2026-03-23 13:23:46 | INFO | CI | python=3.13.3
2026-03-23 13:23:46 | INFO | CI | os=Darwin 20.6.0
2026-03-23 13:23:46 | INFO | CI | shell=zsh
2026-03-23 13:23:46 | INFO | CI | cwd=.
2026-03-23 13:23:46 | INFO | CI | github_actions=False
2026-03-23 13:23:46 | INFO | CI | START script.....
2026-03-23 13:23:46 | INFO | CI | Logger configured.
2026-03-23 13:23:50 | INFO | CI | ========================
2026-03-23 13:23:50 | INFO | CI | Pipeline executed successfully!
2026-03-23 13:23:50 | INFO | CI | ========================
2026-03-23 13:23:50 | INFO | CI | END main()
2026-03-23 13:24:40 | INFO | CI | === RUN START ===
2026-03-23 13:24:40 | INFO | CI | project=MODULE 3 NOTEBOOK: CORPUS EXPLORATION
2026-03-23 13:24:40 | INFO | CI | repo_dir=nlp-03-text-exploration
2026-03-23 13:24:40 | INFO | CI | python=3.13.3
2026-03-23 13:24:40 | INFO | CI | os=Darwin 20.6.0
2026-03-23 13:24:40 | INFO | CI | shell=zsh
2026-03-23 13:24:40 | INFO | CI | cwd=notebooks
2026-03-23 13:24:40 | INFO | CI | github_actions=False
2026-03-23 13:24:54 | INFO | CI | === RUN START ===
2026-03-23 13:24:54 | INFO | CI | project=MODULE 3 NOTEBOOK: CORPUS EXPLORATION
2026-03-23 13:24:54 | INFO | CI | repo_dir=nlp-03-text-exploration
2026-03-23 13:24:54 | INFO | CI | python=3.13.3
2026-03-23 13:24:54 | INFO | CI | os=Darwin 20.6.0
2026-03-23 13:24:54 | INFO | CI | shell=zsh
2026-03-23 13:24:54 | INFO | CI | cwd=notebooks
2026-03-23 13:24:54 | INFO | CI | github_actions=False
2026-03-23 13:24:54 | INFO | CI | Logger configured.
2026-03-23 13:24:58 | INFO | CI | === RUN START ===
2026-03-23 13:24:58 | INFO | CI | project=MODULE 3 NOTEBOOK: CORPUS EXPLORATION
2026-03-23 13:24:58 | INFO | CI | repo_dir=nlp-03-text-exploration
2026-03-23 13:24:58 | INFO | CI | python=3.13.3
2026-03-23 13:24:58 | INFO | CI | os=Darwin 20.6.0
2026-03-23 13:24:58 | INFO | CI | shell=zsh
2026-03-23 13:24:58 | INFO | CI | cwd=notebooks
2026-03-23 13:24:58 | INFO | CI | github_actions=False
2026-03-23 13:24:58 | INFO | CI | Logger configured.
2026-03-23 13:25:00 | INFO | CI | ========================
2026-03-23 13:25:00 | INFO | CI | Notebook executed successfully!
2026-03-23 13:25:00 | INFO | CI | ========================
2026-03-25 12:43:47 | INFO | CI | === RUN START ===
2026-03-25 12:43:47 | INFO | CI | project=MODULE 3 NOTEBOOK: CORPUS EXPLORATION
2026-03-25 12:43:47 | INFO | CI | repo_dir=nlp-03-text-exploration
2026-03-25 12:43:47 | INFO | CI | python=3.13.3
2026-03-25 12:43:47 | INFO | CI | os=Darwin 20.6.0
2026-03-25 12:43:47 | INFO | CI | shell=zsh
2026-03-25 12:43:47 | INFO | CI | cwd=notebooks
2026-03-25 12:43:47 | INFO | CI | github_actions=False
2026-03-25 12:43:47 | INFO | CI | Logger configured.
2026-03-25 12:44:40 | INFO | CI | ========================
2026-03-25 12:44:40 | INFO | CI | Notebook executed successfully!
2026-03-25 12:44:40 | INFO | CI | ========================
2026-03-25 13:07:39 | INFO | CI | === RUN START ===
2026-03-25 13:07:39 | INFO | CI | project=MODULE 3 NOTEBOOK: CORPUS EXPLORATION
2026-03-25 13:07:39 | INFO | CI | repo_dir=nlp-03-text-exploration
2026-03-25 13:07:39 | INFO | CI | python=3.13.3
2026-03-25 13:07:39 | INFO | CI | os=Darwin 20.6.0
2026-03-25 13:07:39 | INFO | CI | shell=zsh
2026-03-25 13:07:39 | INFO | CI | cwd=notebooks
2026-03-25 13:07:39 | INFO | CI | github_actions=False
2026-03-25 13:07:39 | INFO | CI | Logger configured.
2026-03-25 13:11:43 | INFO | CI | === RUN START ===
2026-03-25 13:11:43 | INFO | CI | project=MODULE 3 NOTEBOOK: CORPUS EXPLORATION
2026-03-25 13:11:43 | INFO | CI | repo_dir=nlp-03-text-exploration
2026-03-25 13:11:43 | INFO | CI | python=3.13.3
2026-03-25 13:11:43 | INFO | CI | os=Darwin 20.6.0
2026-03-25 13:11:43 | INFO | CI | shell=zsh
2026-03-25 13:11:43 | INFO | CI | cwd=notebooks
2026-03-25 13:11:43 | INFO | CI | github_actions=False
2026-03-25 13:11:43 | INFO | CI | Logger configured.
2026-03-25 13:13:03 | INFO | CI | ========================
2026-03-25 13:13:03 | INFO | CI | Notebook executed successfully!
2026-03-25 13:13:03 | INFO | CI | ========================
2026-03-25 13:25:23 | INFO | CI | === RUN START ===
2026-03-25 13:25:23 | INFO | CI | project=MODULE 3 NOTEBOOK: CORPUS EXPLORATION
2026-03-25 13:25:23 | INFO | CI | repo_dir=nlp-03-text-exploration
2026-03-25 13:25:23 | INFO | CI | python=3.13.3
2026-03-25 13:25:23 | INFO | CI | os=Darwin 20.6.0
2026-03-25 13:25:23 | INFO | CI | shell=zsh
2026-03-25 13:25:23 | INFO | CI | cwd=notebooks
2026-03-25 13:25:23 | INFO | CI | github_actions=False
2026-03-25 13:25:23 | INFO | CI | Logger configured.
2026-03-25 15:44:56 | INFO | CI | === RUN START ===
2026-03-25 15:44:56 | INFO | CI | project=MODULE 3 NOTEBOOK: CORPUS EXPLORATION
2026-03-25 15:44:56 | INFO | CI | repo_dir=nlp-03-text-exploration
2026-03-25 15:44:56 | INFO | CI | python=3.13.3
2026-03-25 15:44:56 | INFO | CI | os=Darwin 20.6.0
2026-03-25 15:44:56 | INFO | CI | shell=zsh
2026-03-25 15:44:56 | INFO | CI | cwd=notebooks
2026-03-25 15:44:56 | INFO | CI | github_actions=False
2026-03-25 15:44:56 | INFO | CI | Logger configured.
2026-03-25 16:50:37 | INFO | CI | === RUN START ===
2026-03-25 16:50:37 | INFO | CI | project=MODULE 3 NOTEBOOK: CORPUS EXPLORATION
2026-03-25 16:50:37 | INFO | CI | repo_dir=nlp-03-text-exploration
2026-03-25 16:50:37 | INFO | CI | python=3.13.3
2026-03-25 16:50:37 | INFO | CI | os=Darwin 20.6.0
2026-03-25 16:50:37 | INFO | CI | shell=zsh
2026-03-25 16:50:37 | INFO | CI | cwd=notebooks
2026-03-25 16:50:37 | INFO | CI | github_actions=False
2026-03-25 16:50:37 | INFO | CI | Logger configured.
2026-03-25 16:50:39 | INFO | CI | ========================
2026-03-25 16:50:39 | INFO | CI | Notebook executed successfully!
2026-03-25 16:50:39 | INFO | CI | ========================
2026-03-25 16:52:24 | INFO | CI | === RUN START ===
2026-03-25 16:52:24 | INFO | CI | project=MODULE 3 NOTEBOOK: CORPUS EXPLORATION
2026-03-25 16:52:24 | INFO | CI | repo_dir=nlp-03-text-exploration
2026-03-25 16:52:24 | INFO | CI | python=3.13.3
2026-03-25 16:52:24 | INFO | CI | os=Darwin 20.6.0
2026-03-25 16:52:24 | INFO | CI | shell=zsh
2026-03-25 16:52:24 | INFO | CI | cwd=notebooks
2026-03-25 16:52:24 | INFO | CI | github_actions=False
2026-03-25 16:52:24 | INFO | CI | Logger configured.
2026-03-25 16:52:25 | INFO | CI | ========================
2026-03-25 16:52:25 | INFO | CI | Notebook executed successfully!
2026-03-25 16:52:25 | INFO | CI | ========================
2026-03-25 17:02:06 | INFO | CI | === RUN START ===
2026-03-25 17:02:06 | INFO | CI | project=MODULE 3 NOTEBOOK: CORPUS EXPLORATION
2026-03-25 17:02:06 | INFO | CI | repo_dir=nlp-03-text-exploration
2026-03-25 17:02:06 | INFO | CI | python=3.13.3
2026-03-25 17:02:06 | INFO | CI | os=Darwin 20.6.0
2026-03-25 17:02:06 | INFO | CI | shell=zsh
2026-03-25 17:02:06 | INFO | CI | cwd=notebooks
2026-03-25 17:02:06 | INFO | CI | github_actions=False
2026-03-25 17:02:06 | INFO | CI | Logger configured.
2026-03-25 17:02:07 | INFO | CI | ========================
2026-03-25 17:02:07 | INFO | CI | Notebook executed successfully!
2026-03-25 17:02:07 | INFO | CI | ========================
2026-03-25 17:05:16 | INFO | CI | === RUN START ===
2026-03-25 17:05:16 | INFO | CI | project=MODULE 3 NOTEBOOK: CORPUS EXPLORATION
2026-03-25 17:05:16 | INFO | CI | repo_dir=nlp-03-text-exploration
2026-03-25 17:05:16 | INFO | CI | python=3.13.3
2026-03-25 17:05:16 | INFO | CI | os=Darwin 20.6.0
2026-03-25 17:05:16 | INFO | CI | shell=zsh
2026-03-25 17:05:16 | INFO | CI | cwd=notebooks
2026-03-25 17:05:16 | INFO | CI | github_actions=False
2026-03-25 17:05:16 | INFO | CI | Logger configured.
2026-03-25 17:05:17 | INFO | CI | ========================
2026-03-25 17:05:17 | INFO | CI | Notebook executed successfully!
2026-03-25 17:05:17 | INFO | CI | ========================
